# E3-B07-002 DRAFT 失败样例：构建日志（实际运行记录）
#
# 分界说明：本文件为“实际观察”记录，逐字保留 docker build 的输出；
#           “人工预期/判据”见 fixtures/draft/README.md 的“失败样例”小节。
#
# 记录时间（UTC）    : 2026-10-08T10:47:04Z
# 仓库               : https://github.com/jkiuiui0058/DevOps-B07
# 提交 SHA           : 74cc2afebbdf05c8241ff1952ff1219aac05272f (74cc2af)
# 主机               : Linux 6.18.33.1-microsoft-standard-WSL2 x86_64 (WSL2)
# Docker 客户端      : 29.8.2
# Docker 引擎        : 29.8.2 (Docker Desktop 4.94.0 / 241994)，linux/amd64
# 基础镜像           : python:3.13-slim
# 解析到 digest      : sha256:bf44cdfcb76cd3b41e879bc058fc37ec5872002ccfde7fcb765e218cde0cd79c
# Dockerfile         : fixtures/draft/Dockerfile.broken
# Dockerfile SHA-256 : 5c24884b5c48b5476fe19f2596487bb9105093113b3df5428710c841adb9502d (85 bytes)
# 命令               : docker build --progress=plain --no-cache \
#                        -f fixtures/draft/Dockerfile.broken \
#                        -t nju-e3-draft-broken:20260930 fixtures/draft
# docker build 退出码: 1（非零）
# 容器内 RUN make 退出码: 127
#
# --- 以下为 docker build 原始输出（stdout+stderr，逐字保留） ---

#0 building with "desktop-linux" instance using docker driver

#1 [internal] load build definition from Dockerfile.broken
#1 transferring dockerfile: 129B 0.0s done
#1 DONE 0.0s

#2 [internal] load metadata for docker.io/library/python:3.13-slim
#2 DONE 1.0s

#3 [internal] load .dockerignore
#3 transferring context: 2B done
#3 DONE 0.0s

#4 [1/4] FROM docker.io/library/python:3.13-slim@sha256:bf44cdfcb76cd3b41e879bc058fc37ec5872002ccfde7fcb765e218cde0cd79c
#4 resolve docker.io/library/python:3.13-slim@sha256:bf44cdfcb76cd3b41e879bc058fc37ec5872002ccfde7fcb765e218cde0cd79c 0.0s done
#4 DONE 0.0s

#5 [2/4] WORKDIR /work
#5 CACHED

#6 [internal] load build context
#6 transferring context: 55B done
#6 DONE 0.0s

#7 [3/4] COPY main.c Makefile ./
#7 DONE 0.1s

#8 [4/4] RUN make
#8 0.339 /bin/sh: 1: make: not found
#8 ERROR: process "/bin/sh -c make" did not complete successfully: exit code: 127
------
 > [4/4] RUN make:
0.339 /bin/sh: 1: make: not found
------
Dockerfile.broken:4
--------------------
   2 |     WORKDIR /work
   3 |     COPY main.c Makefile ./
   4 | >>> RUN make
   5 |     CMD ["./hello"]
   6 |     
--------------------
ERROR: failed to build: failed to solve: process "/bin/sh -c make" did not complete successfully: exit code: 127

View build details: docker-desktop://dashboard/build/desktop-linux/desktop-linux/ltwatb0t3tzvcxtxncx91omak

# --- 原始输出结束 ---
# 结论：基础镜像 python:3.13-slim 不含 make 工具链，RUN make 以退出码 127 失败，
#       docker build 以退出码 1 结束；失败点可定位到 Dockerfile.broken:4。
